2026-08-10 18:46:15: GetServerPath: look up Creds for: NetShareUrl=smbd://mirza/home Dir=/home NetServerUrl=smbd://mirza
2026-08-10 18:46:15: Got Creds for NetServer=smbd://mirza User=Faheem
2026-08-10 18:46:15: == Sync Started by User Command
2026-08-10 18:46:15: GetServerPath: look up Creds for: NetShareUrl=smbd://mirza/home Dir=/home NetServerUrl=smbd://mirza
2026-08-10 18:46:15: GetServerPath: look up Creds for: NetShareUrl=smbd://mirza/home Dir=/home NetServerUrl=smbd://mirza
2026-08-10 18:46:15: GetServerPath: look up Creds for: NetShareUrl=smbd://mirza/home Dir=/home NetServerUrl=smbd://mirza
2026-08-10 18:46:15: Got Creds for NetServer=smbd://mirza User=Faheem
2026-08-10 18:46:15: Got Creds for NetServer=smbd://mirza User=Faheem
2026-08-10 18:46:15: Got Creds for NetServer=smbd://mirza User=Faheem
2026-08-10 18:46:15: ConnectCloned connected to file:///Z:/Islamic App/bv-app
2026-08-10 18:46:15: ConnectCloned connected to file:///Z:/Islamic App/bv-app
2026-08-10 18:46:15: ConnectCloned connected to file:///Z:/Islamic App/bv-app
2026-08-10 18:46:15: ConnectCloned connected to file:///C:/TEST/bv-app
2026-08-10 18:46:15: ConnectCloned connected to file:///C:/TEST/bv-app
2026-08-10 18:46:15: ConnectCloned connected to file:///C:/TEST/bv-app
2026-08-10 18:46:16: Copy Over 'C:/TEST/bv-app/index.html' -> 'Z:/Islamic App/bv-app/index.html' (9,003)
2026-08-10 18:46:16: Copy Over 'C:/TEST/bv-app/think.css' -> 'Z:/Islamic App/bv-app/think.css' (12,153)
2026-08-10 18:46:16: Copy Over 'C:/TEST/bv-app/shell.js' -> 'Z:/Islamic App/bv-app/shell.js' (69,917)
2026-08-10 18:46:16: Copy Over 'C:/TEST/bv-app/think.js' -> 'Z:/Islamic App/bv-app/think.js' (100,286)
2026-08-10 18:46:16: Save State File Z:/Islamic App/bv-app/_gsdata_/_file_state_v4._gs
2026-08-10 18:46:16: Save State File C:/TEST/bv-app/_gsdata_/_file_state_v4._gs
2026-08-10 18:46:17: == Sync Complete. Time: 00:00:02, Speed: 0.00/s, OK: 4, Errors: 0
