2026-07-26 12:55:26: GetServerPath: look up Creds for: NetShareUrl=smbd://mirza/home Dir=/home NetServerUrl=smbd://mirza
2026-07-26 12:55:26: Got Creds for NetServer=smbd://mirza User=Faheem
2026-07-26 12:55:26: == Sync Started by User Command
2026-07-26 12:55:26: GetServerPath: look up Creds for: NetShareUrl=smbd://mirza/home Dir=/home NetServerUrl=smbd://mirza
2026-07-26 12:55:26: Got Creds for NetServer=smbd://mirza User=Faheem
2026-07-26 12:55:26: GetServerPath: look up Creds for: NetShareUrl=smbd://mirza/home Dir=/home NetServerUrl=smbd://mirza
2026-07-26 12:55:26: GetServerPath: look up Creds for: NetShareUrl=smbd://mirza/home Dir=/home NetServerUrl=smbd://mirza
2026-07-26 12:55:26: ConnectCloned connected to file:///Z:/Islamic App/bv-app
2026-07-26 12:55:26: Got Creds for NetServer=smbd://mirza User=Faheem
2026-07-26 12:55:26: Got Creds for NetServer=smbd://mirza User=Faheem
2026-07-26 12:55:26: ConnectCloned connected to file:///C:/TEST/bv-app
2026-07-26 12:55:26: ConnectCloned connected to file:///Z:/Islamic App/bv-app
2026-07-26 12:55:26: ConnectCloned connected to file:///Z:/Islamic App/bv-app
2026-07-26 12:55:26: ConnectCloned connected to file:///C:/TEST/bv-app
2026-07-26 12:55:26: ConnectCloned connected to file:///C:/TEST/bv-app
2026-07-26 12:55:27: Create Folder Z:/Islamic App/bv-app/data/Finance/_rv_drops
2026-07-26 12:55:27: Copy New 'C:/TEST/bv-app/data/Finance/standards_kb_ifsb_gntn.json' -> 'Z:/Islamic App/bv-app/data/Finance/standards_kb_ifsb_gntn.json' (24,171)
2026-07-26 12:55:28: Copy Over 'C:/TEST/bv-app/finance.js' -> 'Z:/Islamic App/bv-app/finance.js' (351,517)
2026-07-26 12:55:28: Copy New 'C:/TEST/bv-app/data/Finance/_rv_drops/divergences_DV06_plus.json' -> 'Z:/Islamic App/bv-app/data/Finance/_rv_drops/divergences_DV06_plus.json' (52,060)
2026-07-26 12:55:28: Close Modified Folder (mod-time, acl): /data/Finance/_rv_drops
2026-07-26 12:55:28: Copy Over 'C:/TEST/bv-app/shell.js' -> 'Z:/Islamic App/bv-app/shell.js' (60,113)
2026-07-26 12:55:29: Copy Over 'C:/TEST/bv-app/data/Finance/tradition_index.json' -> 'Z:/Islamic App/bv-app/data/Finance/tradition_index.json' (124,814)
2026-07-26 12:55:29: Save State File Z:/Islamic App/bv-app/_gsdata_/_file_state_v4._gs
2026-07-26 12:55:29: Save State File C:/TEST/bv-app/_gsdata_/_file_state_v4._gs
2026-07-26 12:55:30: == Sync Complete. Time: 00:00:04, Speed: 168.08 KB/s, OK: 6, Errors: 0
