2026-07-26 15:59:44: GetServerPath: look up Creds for: NetShareUrl=smbd://mirza/home Dir=/home NetServerUrl=smbd://mirza
2026-07-26 15:59:44: Got Creds for NetServer=smbd://mirza User=Faheem
2026-07-26 15:59:44: == Sync Started by User Command
2026-07-26 15:59:44: GetServerPath: look up Creds for: NetShareUrl=smbd://mirza/home Dir=/home NetServerUrl=smbd://mirza
2026-07-26 15:59:44: GetServerPath: look up Creds for: NetShareUrl=smbd://mirza/home Dir=/home NetServerUrl=smbd://mirza
2026-07-26 15:59:44: GetServerPath: look up Creds for: NetShareUrl=smbd://mirza/home Dir=/home NetServerUrl=smbd://mirza
2026-07-26 15:59:44: Got Creds for NetServer=smbd://mirza User=Faheem
2026-07-26 15:59:44: Got Creds for NetServer=smbd://mirza User=Faheem
2026-07-26 15:59:44: Got Creds for NetServer=smbd://mirza User=Faheem
2026-07-26 15:59:44: ConnectCloned connected to file:///Z:/Islamic App/bv-app
2026-07-26 15:59:44: ConnectCloned connected to file:///Z:/Islamic App/bv-app
2026-07-26 15:59:44: ConnectCloned connected to file:///Z:/Islamic App/bv-app
2026-07-26 15:59:44: ConnectCloned connected to file:///C:/TEST/bv-app
2026-07-26 15:59:44: ConnectCloned connected to file:///C:/TEST/bv-app
2026-07-26 15:59:44: ConnectCloned connected to file:///C:/TEST/bv-app
2026-07-26 15:59:46: Copy Over 'C:/TEST/bv-app/finance.js' -> 'Z:/Islamic App/bv-app/finance.js' (354,276)
2026-07-26 15:59:46: Copy Over 'C:/TEST/bv-app/shell.js' -> 'Z:/Islamic App/bv-app/shell.js' (60,113)
2026-07-26 15:59:46: Copy Over 'C:/TEST/bv-app/finance.css' -> 'Z:/Islamic App/bv-app/finance.css' (187,807)
2026-07-26 15:59:46: Save State File Z:/Islamic App/bv-app/_gsdata_/_file_state_v4._gs
2026-07-26 15:59:46: Save State File C:/TEST/bv-app/_gsdata_/_file_state_v4._gs
2026-07-26 15:59:46: == Sync Complete. Time: 00:00:02, Speed: 0.00/s, OK: 3, Errors: 0
