2026-07-30 13:31:26: GetServerPath: look up Creds for: NetShareUrl=smbd://mirza/home Dir=/home NetServerUrl=smbd://mirza
2026-07-30 13:31:26: Got Creds for NetServer=smbd://mirza User=Faheem
2026-07-30 13:31:26: == Sync Started by User Command
2026-07-30 13:31:27: GetServerPath: look up Creds for: NetShareUrl=smbd://mirza/home Dir=/home NetServerUrl=smbd://mirza
2026-07-30 13:31:27: GetServerPath: look up Creds for: NetShareUrl=smbd://mirza/home Dir=/home NetServerUrl=smbd://mirza
2026-07-30 13:31:27: GetServerPath: look up Creds for: NetShareUrl=smbd://mirza/home Dir=/home NetServerUrl=smbd://mirza
2026-07-30 13:31:27: Got Creds for NetServer=smbd://mirza User=Faheem
2026-07-30 13:31:27: Got Creds for NetServer=smbd://mirza User=Faheem
2026-07-30 13:31:27: Got Creds for NetServer=smbd://mirza User=Faheem
2026-07-30 13:31:27: ConnectCloned connected to file:///Z:/Islamic App/bv-app
2026-07-30 13:31:27: ConnectCloned connected to file:///Z:/Islamic App/bv-app
2026-07-30 13:31:27: ConnectCloned connected to file:///C:/TEST/bv-app
2026-07-30 13:31:27: ConnectCloned connected to file:///Z:/Islamic App/bv-app
2026-07-30 13:31:27: ConnectCloned connected to file:///C:/TEST/bv-app
2026-07-30 13:31:27: ConnectCloned connected to file:///C:/TEST/bv-app
2026-07-30 13:31:28: Copy Over 'C:/TEST/bv-app/shell.js' -> 'Z:/Islamic App/bv-app/shell.js' (60,113)
2026-07-30 13:31:28: Copy Over 'C:/TEST/bv-app/relations.js' -> 'Z:/Islamic App/bv-app/relations.js' (76,263)
2026-07-30 13:31:28: Copy Over 'C:/TEST/bv-app/relations.css' -> 'Z:/Islamic App/bv-app/relations.css' (29,270)
2026-07-30 13:31:28: Copy Over 'C:/TEST/bv-app/timeline.js' -> 'Z:/Islamic App/bv-app/timeline.js' (148,008)
2026-07-30 13:31:28: Save State File Z:/Islamic App/bv-app/_gsdata_/_file_state_v4._gs
2026-07-30 13:31:28: Save State File C:/TEST/bv-app/_gsdata_/_file_state_v4._gs
2026-07-30 13:31:28: == Sync Complete. Time: 00:00:01, Speed: 0.00/s, OK: 4, Errors: 0
