2026-07-26 02:14:57: GetServerPath: look up Creds for: NetShareUrl=smbd://mirza/home Dir=/home NetServerUrl=smbd://mirza
2026-07-26 02:14:57: Got Creds for NetServer=smbd://mirza User=Faheem
2026-07-26 02:14:57: == Sync Started by User Command
2026-07-26 02:14:58: GetServerPath: look up Creds for: NetShareUrl=smbd://mirza/home Dir=/home NetServerUrl=smbd://mirza
2026-07-26 02:14:58: GetServerPath: look up Creds for: NetShareUrl=smbd://mirza/home Dir=/home NetServerUrl=smbd://mirza
2026-07-26 02:14:58: GetServerPath: look up Creds for: NetShareUrl=smbd://mirza/home Dir=/home NetServerUrl=smbd://mirza
2026-07-26 02:14:58: Got Creds for NetServer=smbd://mirza User=Faheem
2026-07-26 02:14:58: Got Creds for NetServer=smbd://mirza User=Faheem
2026-07-26 02:14:58: Got Creds for NetServer=smbd://mirza User=Faheem
2026-07-26 02:14:58: ConnectCloned connected to file:///Z:/Islamic App/bv-app
2026-07-26 02:14:58: ConnectCloned connected to file:///Z:/Islamic App/bv-app
2026-07-26 02:14:58: ConnectCloned connected to file:///Z:/Islamic App/bv-app
2026-07-26 02:14:58: ConnectCloned connected to file:///C:/TEST/bv-app
2026-07-26 02:14:58: ConnectCloned connected to file:///C:/TEST/bv-app
2026-07-26 02:14:58: ConnectCloned connected to file:///C:/TEST/bv-app
2026-07-26 02:14:59: Copy Over 'C:/TEST/bv-app/data/Finance/standards_lights.json' -> 'Z:/Islamic App/bv-app/data/Finance/standards_lights.json' (61,383)
2026-07-26 02:14:59: Copy Over 'C:/TEST/bv-app/shell.js' -> 'Z:/Islamic App/bv-app/shell.js' (60,113)
2026-07-26 02:14:59: Copy Over 'C:/TEST/bv-app/finance.js' -> 'Z:/Islamic App/bv-app/finance.js' (351,517)
2026-07-26 02:14:59: Copy New 'C:/TEST/bv-app/data/Finance/term_contract_cleanup_v3.csv' -> 'Z:/Islamic App/bv-app/data/Finance/term_contract_cleanup_v3.csv' (28,923)
2026-07-26 02:14:59: Save State File Z:/Islamic App/bv-app/_gsdata_/_file_state_v4._gs
2026-07-26 02:14:59: Save State File C:/TEST/bv-app/_gsdata_/_file_state_v4._gs
2026-07-26 02:14:59: == Sync Complete. Time: 00:00:01, Speed: 0.00/s, OK: 4, Errors: 0
