2026-08-09 19:13:43: GetServerPath: look up Creds for: NetShareUrl=smbd://mirza/home Dir=/home NetServerUrl=smbd://mirza
2026-08-09 19:13:43: Got Creds for NetServer=smbd://mirza User=Faheem
2026-08-09 19:13:43: == Sync Started by User Command
2026-08-09 19:13:43: GetServerPath: look up Creds for: NetShareUrl=smbd://mirza/home Dir=/home NetServerUrl=smbd://mirza
2026-08-09 19:13:43: GetServerPath: look up Creds for: NetShareUrl=smbd://mirza/home Dir=/home NetServerUrl=smbd://mirza
2026-08-09 19:13:43: GetServerPath: look up Creds for: NetShareUrl=smbd://mirza/home Dir=/home NetServerUrl=smbd://mirza
2026-08-09 19:13:43: Got Creds for NetServer=smbd://mirza User=Faheem
2026-08-09 19:13:43: Got Creds for NetServer=smbd://mirza User=Faheem
2026-08-09 19:13:43: Got Creds for NetServer=smbd://mirza User=Faheem
2026-08-09 19:13:43: ConnectCloned connected to file:///Z:/Islamic App/bv-app
2026-08-09 19:13:43: ConnectCloned connected to file:///Z:/Islamic App/bv-app
2026-08-09 19:13:43: ConnectCloned connected to file:///Z:/Islamic App/bv-app
2026-08-09 19:13:43: ConnectCloned connected to file:///C:/TEST/bv-app
2026-08-09 19:13:43: ConnectCloned connected to file:///C:/TEST/bv-app
2026-08-09 19:13:43: ConnectCloned connected to file:///C:/TEST/bv-app
2026-08-09 19:13:44: Copy Over 'C:/TEST/bv-app/monastic.js' -> 'Z:/Islamic App/bv-app/monastic.js' (201,888)
2026-08-09 19:13:44: Copy Over 'C:/TEST/bv-app/shell.css' -> 'Z:/Islamic App/bv-app/shell.css' (45,329)
2026-08-09 19:13:44: Copy Over 'C:/TEST/bv-app/index.html' -> 'Z:/Islamic App/bv-app/index.html' (9,003)
2026-08-09 19:13:45: Copy Over 'C:/TEST/bv-app/shell.js' -> 'Z:/Islamic App/bv-app/shell.js' (69,218)
2026-08-09 19:13:45: Save State File Z:/Islamic App/bv-app/_gsdata_/_file_state_v4._gs
2026-08-09 19:13:45: Save State File C:/TEST/bv-app/_gsdata_/_file_state_v4._gs
2026-08-09 19:13:46: == Sync Complete. Time: 00:00:03, Speed: 0.00/s, OK: 4, Errors: 0
