2026-08-05 15:56:05: GetServerPath: look up Creds for: NetShareUrl=smbd://mirza/home Dir=/home NetServerUrl=smbd://mirza
2026-08-05 15:56:05: Got Creds for NetServer=smbd://mirza User=Faheem
2026-08-05 15:56:05: == Sync Started by User Command
2026-08-05 15:56:05: GetServerPath: look up Creds for: NetShareUrl=smbd://mirza/home Dir=/home NetServerUrl=smbd://mirza
2026-08-05 15:56:05: Got Creds for NetServer=smbd://mirza User=Faheem
2026-08-05 15:56:05: GetServerPath: look up Creds for: NetShareUrl=smbd://mirza/home Dir=/home NetServerUrl=smbd://mirza
2026-08-05 15:56:05: GetServerPath: look up Creds for: NetShareUrl=smbd://mirza/home Dir=/home NetServerUrl=smbd://mirza
2026-08-05 15:56:05: ConnectCloned connected to file:///Z:/Islamic App/bv-app
2026-08-05 15:56:05: Got Creds for NetServer=smbd://mirza User=Faheem
2026-08-05 15:56:05: Got Creds for NetServer=smbd://mirza User=Faheem
2026-08-05 15:56:05: ConnectCloned connected to file:///Z:/Islamic App/bv-app
2026-08-05 15:56:05: ConnectCloned connected to file:///Z:/Islamic App/bv-app
2026-08-05 15:56:05: ConnectCloned connected to file:///C:/TEST/bv-app
2026-08-05 15:56:05: ConnectCloned connected to file:///C:/TEST/bv-app
2026-08-05 15:56:05: ConnectCloned connected to file:///C:/TEST/bv-app
2026-08-05 15:56:06: Copy Over 'C:/TEST/bv-app/finance.css' -> 'Z:/Islamic App/bv-app/finance.css' (208,638)
2026-08-05 15:56:06: Copy Over 'C:/TEST/bv-app/index.html' -> 'Z:/Islamic App/bv-app/index.html' (9,003)
2026-08-05 15:56:06: Copy Over 'C:/TEST/bv-app/finance.js' -> 'Z:/Islamic App/bv-app/finance.js' (435,034)
2026-08-05 15:56:06: Copy New 'C:/TEST/bv-app/usul.html' -> 'Z:/Islamic App/bv-app/usul.html' (9,928)
2026-08-05 15:56:06: Copy Over 'C:/TEST/bv-app/shell.js' -> 'Z:/Islamic App/bv-app/shell.js' (69,083)
2026-08-05 15:56:07: Save State File Z:/Islamic App/bv-app/_gsdata_/_file_state_v4._gs
2026-08-05 15:56:07: Save State File C:/TEST/bv-app/_gsdata_/_file_state_v4._gs
2026-08-05 15:56:07: == Sync Complete. Time: 00:00:02, Speed: 0.00/s, OK: 5, Errors: 0
